Line 1=6
Line 2=5
Line 3=5
Line 4=5
Line 5=2
Line 6=2
Line 7=2
Line 8=1
Line 9=1
